=== 2026-09-17 08:39:36 UTC  STALE-EDGE DIAGNOSTIC START ===
    2026-09-17 09:30:51 UTC  fix_80_83.pkl exit=0
f4339ee29e9a8cd2ccb85e3e951bdc3d9da38fb132319152eb2201d73a3fcd5f  output/fix_80_83.pkl
    2026-09-17 10:20:42 UTC  fix_84_87.pkl exit=0
83ad5143daf4ac4753d3e56e0e528fbfa046f3f5682cffc49c441a31e28c6307  output/fix_84_87.pkl
    2026-09-17 11:21:12 UTC  fix_88_91.pkl exit=0
eda423ac2e5b580eb2843005263fd74283c4cd725ce180c5f5647be756377a56  output/fix_88_91.pkl
    2026-09-17 11:56:10 UTC  fix_92_95.pkl exit=0
64fd8b03b5fd423ed0beaeec4f2ffa1071f9be85b47209a49605b507b4f77a1d  output/fix_92_95.pkl
    2026-09-17 12:28:14 UTC  fix_96_99.pkl exit=0
265215c2a33e58c67061e325aa943e392e1b285650793097aef3aef10334940b  output/fix_96_99.pkl
=== 2026-09-17 12:28:14 UTC  R-fix complete ===
    2026-09-17 12:28:26 UTC  fix analysis exit=0
    2026-09-17 13:00:12 UTC  diag_80_83.pkl exit=0
a98967671523b41d36320b2630a99cc715a5dc2da8a66a308ddc6cddf34928e5  output/diag_80_83.pkl
    2026-09-17 13:31:11 UTC  diag_84_87.pkl exit=0
5975032e3d22d3416440e06b02623fcb33cd996f56a9f260d461d8429d694a67  output/diag_84_87.pkl
    2026-09-17 14:03:04 UTC  diag_88_91.pkl exit=0
97eb1ad58aef089306b31842e2b98718765722abd02a6008f60b4bd250a2c59f  output/diag_88_91.pkl
    2026-09-17 14:35:50 UTC  diag_92_95.pkl exit=0
5bf306740a5806f63a83ef65e78a7bd08cb08e9bdb11018c5f69da60146f3744  output/diag_92_95.pkl
    2026-09-17 15:07:18 UTC  diag_96_99.pkl exit=0
7cbcbd947c2624a266d372e1676de85bc13991653587be6db9131e11a443aa14  output/diag_96_99.pkl
=== 2026-09-17 15:07:18 UTC  R-diag complete ===
=== 2026-09-17 15:07:23 UTC  STALE-EDGE DIAGNOSTIC COMPLETE (diag analysis exit=0) ===
